---
source: src/views/stories.rs
expression: output
---
[1]Top  [2]New  [3]Best  [4]Ask  [5]Show  [6]Jobs
────────────────────────────────────────────────────────────────────────────────




















────────────────────────────────────────────────────────────────────────────────
 Top  1/0 | H/L:feeds  ?:help  q:quit
