---
source: src/views/help_overlay.rs
expression: output
---


                          ┌Help──────────────────────┐
                          │                          │
                          │ j/k  navigate            │
                          │ l/h  expand/collapse     │
                          │ L/H  subtree             │
                          │ +/-  all comments        │
                          │   p  go to parent        │
                          │   o  open comment link   │
                          │   O  open story link     │
                          │   y  copy url            │
                          │   Y  copy story url      │
                          │   f  favorite comment    │
                          │   F  favorite story      │
                          │ Esc  back to stories     │
                          │   r  refresh             │
                          │   t  themes              │
                          │   `  debug               │
                          │   q  quit                │
                          │                          │
                          └──────────────────────────┘
