---
source: src/views/help_overlay.rs
expression: output
---



                            ┌Help──────────────────┐
                            │                      │
                            │ j/k  navigate        │
                            │ g/G  top/bottom      │
                            │ H/L  switch feeds    │
                            │   l  open comments   │
                            │   o  open link       │
                            │   O  open on hn      │
                            │   y  copy url        │
                            │   f  favorite        │
                            │   r  refresh         │
                            │   t  themes          │
                            │   `  debug           │
                            │   q  quit            │
                            │   ?  close           │
                            │                      │
                            └──────────────────────┘
