---
source: src/views/comments.rs
expression: output
---
Multiple Top-Level

┌Comments (3)──────────────────────────────────────────────────────────────────┐
│▶ [+] alice · 1d ago · 1 replies                                              │
│      First top-level comment                                                 │
│                                                                              │
│  [+] bob · 1d ago · 1 replies                                                │
│      Second top-level comment                                                │
│                                                                              │
│  [ ] carol · 1d ago                                                          │
│      Third top-level comment                                                 │
│                                                                              │
│                                                                              │
│                                                                              │
│                                                                              │
│                                                                              │
│                                                                              │
│                                                                              │
│                                                                              │
│                                                                              │
│                                                                              │
│                                                                              │
└──────────────────────────────────────────────────────────────────────────────┘
 Comments  1/3 | l/h:expand/collapse  +/-:all  Esc:back  ?:help
