---
source: src/views/stories.rs
expression: output
---
[1]Favs  [2]Top  [3]New  [4]Best  [5]Ask  [6]Show  [7]Jobs
────────────────────────────────────────────────────────────────────────────────
  Read Story One (example.com)
  ▲ 100 | testuser | 10 comments | 1d ago
▶ Unread Story Two (example.com)
  ▲ 200 | testuser | 10 comments | 1d ago
  Read Story Three (example.com)
  ▲ 300 | testuser | 10 comments | 1d ago














────────────────────────────────────────────────────────────────────────────────
 Top  2/3 | H/L:feeds  f:fav  ?:help  q:quit
