---
source: src/views/comments.rs
expression: output
---
Deep Thread

┌Comments (4)──────────────────────────────────────────────────────────────────┐
│▶ [-] user1 · 794d ago · 1 replies                                            │
│   │   Top level comment                                                      │
│   │                                                                          │
│   ├─ [-] user2 · 794d ago · 1 replies                                        │
│   │      First reply                                                         │
│   │                                                                          │
│   └─ [-] user3 · 794d ago · 1 replies                                        │
│       │  Nested reply                                                        │
│       │                                                                      │
│       └─ [ ] user4 · 794d ago                                                │
│              Deep nested                                                     │
│                                                                              │
│                                                                              │
│                                                                              │
│                                                                              │
│                                                                              │
│                                                                              │
│                                                                              │
│                                                                              │
└──────────────────────────────────────────────────────────────────────────────┘
 Comments  1/4 | l/h:expand/collapse  Esc:back  ?:help
